PS C:\Users\Owner\Desktop\sumurai提出> cd C:\Users\Owner\Desktop\development
PS C:\Users\Owner\Desktop\development> mkdir git_challenge


    ディレクトリ: C:\Users\Owner\Desktop\development


Mode                 LastWriteTime         Length Name
----                 -------------         ------ ----
d-----        2023/09/25     20:30                git_challenge


PS C:\Users\Owner\Desktop\development> cd git_challenge
PS C:\Users\Owner\Desktop\development\git_challenge> git init
Initialized empty Git repository in C:/Users/Owner/Desktop/development/git_challenge/.git/
PS C:\Users\Owner\Desktop\development\git_challenge> git add hello_world.txt
PS C:\Users\Owner\Desktop\development\git_challenge> git commit -m "最初のコミット"
[main (root-commit) 4d3dcb8] 最初のコミット
 1 file changed, 1 insertion(+)
 create mode 100644 hello_world.txt
PS C:\Users\Owner\Desktop\development\git_challenge> git add hello_world.txt
PS C:\Users\Owner\Desktop\development\git_challenge> git commit -m "日本語訳を追記"
[main b9079f6] 日本語訳を追記
 1 file changed, 1 insertion(+)
PS C:\Users\Owner\Desktop\development\git_challenge> git log
commit b9079f6902bfd4e156373b047bb2fc27741cf3bb (HEAD -> main)
Author: yone-chan <ribate.com@gmail.com>
Date:   Mon Sep 25 20:33:14 2023 +0900

    日本語訳を追記

commit 4d3dcb85d4e5623773ae618ad7d6155441bc39e2
Author: yone-chan <ribate.com@gmail.com>
Date:   Mon Sep 25 20:31:59 2023 +0900

    最初のコミット
PS C:\Users\Owner\Desktop\development\git_challenge> 